// Jest Snapshot v1, https://goo.gl/fbAQLP

exports[`MobileScreen renders correctly 1`] = `
<View
  style={
    {
      "backgroundColor": "#fff",
      "flex": 1,
      "paddingHorizontal": 20,
    }
  }
>
  <View
    style={
      {
        "alignItems": "center",
        "justifyContent": "center",
      }
    }
  >
    <Image
      resizeMode="contain"
      source={
        {
          "testUri": "../../../assets/logo/logo1.png",
        }
      }
      style={
        {
          "width": 180,
        }
      }
    />
  </View>
  <View
    style={
      {
        "alignItems": "center",
        "flex": 1,
        "justifyContent": "center",
      }
    }
  >
    <Text
      style={
        {
          "color": "#000",
          "fontSize": 24,
          "fontWeight": "600",
          "marginBottom": 10,
          "textAlign": "center",
        }
      }
    >
      Enter Your Mobile Number
    </Text>
    <Text
      style={
        {
          "color": "#666",
          "fontSize": 14,
          "marginBottom": 40,
          "paddingHorizontal": 20,
          "textAlign": "center",
        }
      }
    >
      We will send you an OTP to the below mobile number
    </Text>
    <View
      style={
        {
          "alignItems": "center",
          "marginBottom": 30,
          "width": "100%",
        }
      }
    >
      <Text
        style={
          {
            "alignSelf": "flex-start",
            "color": "#000",
            "fontSize": 16,
            "fontWeight": "500",
            "marginBottom": 8,
            "marginLeft": 10,
          }
        }
      >
        Mobile Number
      </Text>
      <View
        style={
          {
            "alignItems": "center",
            "flexDirection": "row",
            "width": "90%",
          }
        }
      >
        <View
          accessibilityState={
            {
              "busy": undefined,
              "checked": undefined,
              "disabled": undefined,
              "expanded": undefined,
              "selected": undefined,
            }
          }
          accessibilityValue={
            {
              "max": undefined,
              "min": undefined,
              "now": undefined,
              "text": undefined,
            }
          }
          accessible={true}
          collapsable={false}
          focusable={true}
          onClick={[Function]}
          onResponderGrant={[Function]}
          onResponderMove={[Function]}
          onResponderRelease={[Function]}
          onResponderTerminate={[Function]}
          onResponderTerminationRequest={[Function]}
          onStartShouldSetResponder={[Function]}
          style={
            {
              "alignItems": "center",
              "backgroundColor": "#FAFAFA",
              "borderBottomLeftRadius": 8,
              "borderColor": "#E5E5E5",
              "borderRightWidth": 0,
              "borderTopLeftRadius": 8,
              "borderWidth": 1,
              "flexDirection": "row",
              "height": 50,
              "opacity": 1,
              "paddingHorizontal": 15,
            }
          }
        >
          <Text
            style={
              {
                "color": "#000",
                "fontSize": 16,
                "marginRight": 5,
              }
            }
          >
            +91
          </Text>
          <Text />
        </View>
        <TextInput
          autoCapitalize="none"
          autoCorrect={false}
          keyboardType="phone-pad"
          maxLength={10}
          onChangeText={[Function]}
          placeholder="1234567890"
          placeholderTextColor="#999"
          style={
            [
              {
                "backgroundColor": "#FAFAFA",
                "borderBottomRightRadius": 8,
                "borderColor": "#E5E5E5",
                "borderTopRightRadius": 8,
                "borderWidth": 1,
                "flex": 1,
                "fontSize": 16,
                "height": 50,
                "paddingHorizontal": 15,
              },
              null,
            ]
          }
          value=""
        />
      </View>
    </View>
  </View>
  <View
    style={
      {
        "paddingBottom": 30,
        "width": "100%",
      }
    }
  >
    <View
      style={
        {
          "flexDirection": "row",
          "flexWrap": "wrap",
          "justifyContent": "center",
          "marginBottom": 20,
          "paddingHorizontal": 10,
        }
      }
    >
      <Text
        style={
          {
            "color": "#666",
            "fontSize": 12,
            "lineHeight": 18,
          }
        }
      >
        By clicking continue, you agree to our
         
      </Text>
      <View
        accessibilityState={
          {
            "busy": undefined,
            "checked": undefined,
            "disabled": undefined,
            "expanded": undefined,
            "selected": undefined,
          }
        }
        accessibilityValue={
          {
            "max": undefined,
            "min": undefined,
            "now": undefined,
            "text": undefined,
          }
        }
        accessible={true}
        collapsable={false}
        focusable={true}
        onClick={[Function]}
        onResponderGrant={[Function]}
        onResponderMove={[Function]}
        onResponderRelease={[Function]}
        onResponderTerminate={[Function]}
        onResponderTerminationRequest={[Function]}
        onStartShouldSetResponder={[Function]}
        style={
          {
            "opacity": 1,
          }
        }
      >
        <Text
          style={
            {
              "color": "#007AFF",
              "fontSize": 12,
              "lineHeight": 18,
            }
          }
        >
          Terms of Service
        </Text>
      </View>
      <Text
        style={
          {
            "color": "#666",
            "fontSize": 12,
            "lineHeight": 18,
          }
        }
      >
         and 
      </Text>
      <View
        accessibilityState={
          {
            "busy": undefined,
            "checked": undefined,
            "disabled": undefined,
            "expanded": undefined,
            "selected": undefined,
          }
        }
        accessibilityValue={
          {
            "max": undefined,
            "min": undefined,
            "now": undefined,
            "text": undefined,
          }
        }
        accessible={true}
        collapsable={false}
        focusable={true}
        onClick={[Function]}
        onResponderGrant={[Function]}
        onResponderMove={[Function]}
        onResponderRelease={[Function]}
        onResponderTerminate={[Function]}
        onResponderTerminationRequest={[Function]}
        onStartShouldSetResponder={[Function]}
        style={
          {
            "opacity": 1,
          }
        }
      >
        <Text
          style={
            {
              "color": "#007AFF",
              "fontSize": 12,
              "lineHeight": 18,
            }
          }
        >
          Privacy Policy
        </Text>
      </View>
      <Text
        style={
          {
            "color": "#666",
            "fontSize": 12,
            "lineHeight": 18,
          }
        }
      >
        .
      </Text>
    </View>
    <View
      accessibilityState={
        {
          "busy": undefined,
          "checked": undefined,
          "disabled": true,
          "expanded": undefined,
          "selected": undefined,
        }
      }
      accessibilityValue={
        {
          "max": undefined,
          "min": undefined,
          "now": undefined,
          "text": undefined,
        }
      }
      accessible={true}
      collapsable={false}
      focusable={false}
      onClick={[Function]}
      onResponderGrant={[Function]}
      onResponderMove={[Function]}
      onResponderRelease={[Function]}
      onResponderTerminate={[Function]}
      onResponderTerminationRequest={[Function]}
      onStartShouldSetResponder={[Function]}
      style={
        {
          "alignItems": "center",
          "backgroundColor": "#66A3FF",
          "borderRadius": 8,
          "height": 50,
          "justifyContent": "center",
          "opacity": 0.7,
        }
      }
    >
      <Text
        style={
          {
            "color": "#fff",
            "fontSize": 16,
            "fontWeight": "600",
          }
        }
      >
        Verify OTP
      </Text>
    </View>
  </View>
</View>
`;
