// Jest Snapshot v1, https://goo.gl/fbAQLP

exports[`InviteUsers renders InviteUsers component and matches snapshot 1`] = `
<View
  style={
    {
      "backgroundColor": "#FFFFFF",
      "flex": 1,
    }
  }
>
  <RCTScrollView
    contentContainerStyle={
      {
        "padding": 16,
        "paddingBottom": 100,
      }
    }
  >
    <View>
      <View
        accessibilityState={
          {
            "busy": undefined,
            "checked": undefined,
            "disabled": undefined,
            "expanded": undefined,
            "selected": undefined,
          }
        }
        accessibilityValue={
          {
            "max": undefined,
            "min": undefined,
            "now": undefined,
            "text": undefined,
          }
        }
        accessible={true}
        collapsable={false}
        focusable={true}
        onClick={[Function]}
        onResponderGrant={[Function]}
        onResponderMove={[Function]}
        onResponderRelease={[Function]}
        onResponderTerminate={[Function]}
        onResponderTerminationRequest={[Function]}
        onStartShouldSetResponder={[Function]}
        style={
          {
            "alignItems": "center",
            "backgroundColor": "#add0f752",
            "borderRadius": 8,
            "flexDirection": "row",
            "marginBottom": 12,
            "opacity": 1,
            "padding": 12,
          }
        }
      >
        <View
          style={
            [
              {
                "alignItems": "center",
                "borderColor": "#007AFF",
                "borderRadius": 4,
                "borderWidth": 2,
                "height": 24,
                "justifyContent": "center",
                "marginRight": 12,
                "width": 24,
              },
              false,
            ]
          }
        />
        <Text
          style={
            {
              "color": "#000000",
              "flexShrink": 1,
              "fontSize": 16,
            }
          }
        >
          E-Mail
        </Text>
      </View>
      <View
        accessibilityState={
          {
            "busy": undefined,
            "checked": undefined,
            "disabled": undefined,
            "expanded": undefined,
            "selected": undefined,
          }
        }
        accessibilityValue={
          {
            "max": undefined,
            "min": undefined,
            "now": undefined,
            "text": undefined,
          }
        }
        accessible={true}
        collapsable={false}
        focusable={true}
        onClick={[Function]}
        onResponderGrant={[Function]}
        onResponderMove={[Function]}
        onResponderRelease={[Function]}
        onResponderTerminate={[Function]}
        onResponderTerminationRequest={[Function]}
        onStartShouldSetResponder={[Function]}
        style={
          {
            "alignItems": "center",
            "backgroundColor": "#add0f752",
            "borderRadius": 8,
            "flexDirection": "row",
            "marginBottom": 12,
            "opacity": 1,
            "padding": 12,
          }
        }
      >
        <View
          style={
            [
              {
                "alignItems": "center",
                "borderColor": "#007AFF",
                "borderRadius": 4,
                "borderWidth": 2,
                "height": 24,
                "justifyContent": "center",
                "marginRight": 12,
                "width": 24,
              },
              false,
            ]
          }
        />
        <Text
          style={
            {
              "color": "#000000",
              "flexShrink": 1,
              "fontSize": 16,
            }
          }
        >
          SMS
        </Text>
      </View>
      <View
        accessibilityState={
          {
            "busy": undefined,
            "checked": undefined,
            "disabled": undefined,
            "expanded": undefined,
            "selected": undefined,
          }
        }
        accessibilityValue={
          {
            "max": undefined,
            "min": undefined,
            "now": undefined,
            "text": undefined,
          }
        }
        accessible={true}
        collapsable={false}
        focusable={true}
        onClick={[Function]}
        onResponderGrant={[Function]}
        onResponderMove={[Function]}
        onResponderRelease={[Function]}
        onResponderTerminate={[Function]}
        onResponderTerminationRequest={[Function]}
        onStartShouldSetResponder={[Function]}
        style={
          {
            "alignItems": "center",
            "backgroundColor": "#add0f752",
            "borderRadius": 8,
            "flexDirection": "row",
            "marginBottom": 12,
            "opacity": 1,
            "padding": 12,
          }
        }
      >
        <View
          style={
            [
              {
                "alignItems": "center",
                "borderColor": "#007AFF",
                "borderRadius": 4,
                "borderWidth": 2,
                "height": 24,
                "justifyContent": "center",
                "marginRight": 12,
                "width": 24,
              },
              false,
            ]
          }
        />
        <Text
          style={
            {
              "color": "#000000",
              "flexShrink": 1,
              "fontSize": 16,
            }
          }
        >
          What's app
        </Text>
      </View>
      <View
        accessibilityState={
          {
            "busy": undefined,
            "checked": undefined,
            "disabled": undefined,
            "expanded": undefined,
            "selected": undefined,
          }
        }
        accessibilityValue={
          {
            "max": undefined,
            "min": undefined,
            "now": undefined,
            "text": undefined,
          }
        }
        accessible={true}
        collapsable={false}
        focusable={true}
        onClick={[Function]}
        onResponderGrant={[Function]}
        onResponderMove={[Function]}
        onResponderRelease={[Function]}
        onResponderTerminate={[Function]}
        onResponderTerminationRequest={[Function]}
        onStartShouldSetResponder={[Function]}
        style={
          {
            "alignItems": "center",
            "backgroundColor": "#add0f752",
            "borderRadius": 8,
            "flexDirection": "row",
            "marginBottom": 12,
            "opacity": 1,
            "padding": 12,
          }
        }
      >
        <View
          style={
            [
              {
                "alignItems": "center",
                "borderColor": "#007AFF",
                "borderRadius": 4,
                "borderWidth": 2,
                "height": 24,
                "justifyContent": "center",
                "marginRight": 12,
                "width": 24,
              },
              false,
            ]
          }
        />
        <Text
          style={
            {
              "color": "#000000",
              "flexShrink": 1,
              "fontSize": 16,
            }
          }
        >
          Invite through chat (Platform Users)
        </Text>
      </View>
    </View>
  </RCTScrollView>
  <View
    accessibilityState={
      {
        "busy": undefined,
        "checked": undefined,
        "disabled": undefined,
        "expanded": undefined,
        "selected": undefined,
      }
    }
    accessibilityValue={
      {
        "max": undefined,
        "min": undefined,
        "now": undefined,
        "text": undefined,
      }
    }
    accessible={true}
    collapsable={false}
    focusable={true}
    onClick={[Function]}
    onResponderGrant={[Function]}
    onResponderMove={[Function]}
    onResponderRelease={[Function]}
    onResponderTerminate={[Function]}
    onResponderTerminationRequest={[Function]}
    onStartShouldSetResponder={[Function]}
    style={
      {
        "alignItems": "center",
        "alignSelf": "center",
        "backgroundColor": "#007AFF",
        "borderRadius": 8,
        "bottom": 16,
        "opacity": 1,
        "paddingVertical": 16,
        "position": "absolute",
        "width": "90%",
      }
    }
  >
    <Text
      style={
        {
          "color": "#FFFFFF",
          "fontSize": 18,
          "fontWeight": "500",
        }
      }
    >
      Submit
    </Text>
  </View>
</View>
`;
